###############################################################################
#
# IAR ELF Linker V8.22.1.15669/W32 for ARM                25/Sep/2018  21:45:12
# Copyright 2007-2018 IAR Systems AB.
#
#    Output file  =  
#        C:\Users\dfy\Desktop\save\cube实验\DIANKONGERMIAN\EWARM\DIANKONGERMIAN\Exe\DIANKONGERMIAN.out
#    Map file     =  
#        C:\Users\dfy\Desktop\save\cube实验\DIANKONGERMIAN\EWARM\DIANKONGERMIAN\List\DIANKONGERMIAN.map
#    Command line =  
#        -f C:\Users\dfy\AppData\Local\Temp\EWCF22.tmp
#        (C:\Users\dfy\Desktop\save\cube实验\DIANKONGERMIAN\EWARM\DIANKONGERMIAN\Obj\main.o
#        C:\Users\dfy\Desktop\save\cube实验\DIANKONGERMIAN\EWARM\DIANKONGERMIAN\Obj\startup_stm32f103xe.o
#        C:\Users\dfy\Desktop\save\cube实验\DIANKONGERMIAN\EWARM\DIANKONGERMIAN\Obj\stm32f1xx_hal.o
#        C:\Users\dfy\Desktop\save\cube实验\DIANKONGERMIAN\EWARM\DIANKONGERMIAN\Obj\stm32f1xx_hal_cortex.o
#        C:\Users\dfy\Desktop\save\cube实验\DIANKONGERMIAN\EWARM\DIANKONGERMIAN\Obj\stm32f1xx_hal_dma.o
#        C:\Users\dfy\Desktop\save\cube实验\DIANKONGERMIAN\EWARM\DIANKONGERMIAN\Obj\stm32f1xx_hal_flash.o
#        C:\Users\dfy\Desktop\save\cube实验\DIANKONGERMIAN\EWARM\DIANKONGERMIAN\Obj\stm32f1xx_hal_flash_ex.o
#        C:\Users\dfy\Desktop\save\cube实验\DIANKONGERMIAN\EWARM\DIANKONGERMIAN\Obj\stm32f1xx_hal_gpio.o
#        C:\Users\dfy\Desktop\save\cube实验\DIANKONGERMIAN\EWARM\DIANKONGERMIAN\Obj\stm32f1xx_hal_gpio_ex.o
#        C:\Users\dfy\Desktop\save\cube实验\DIANKONGERMIAN\EWARM\DIANKONGERMIAN\Obj\stm32f1xx_hal_msp.o
#        C:\Users\dfy\Desktop\save\cube实验\DIANKONGERMIAN\EWARM\DIANKONGERMIAN\Obj\stm32f1xx_hal_pwr.o
#        C:\Users\dfy\Desktop\save\cube实验\DIANKONGERMIAN\EWARM\DIANKONGERMIAN\Obj\stm32f1xx_hal_rcc.o
#        C:\Users\dfy\Desktop\save\cube实验\DIANKONGERMIAN\EWARM\DIANKONGERMIAN\Obj\stm32f1xx_hal_rcc_ex.o
#        C:\Users\dfy\Desktop\save\cube实验\DIANKONGERMIAN\EWARM\DIANKONGERMIAN\Obj\stm32f1xx_hal_tim.o
#        C:\Users\dfy\Desktop\save\cube实验\DIANKONGERMIAN\EWARM\DIANKONGERMIAN\Obj\stm32f1xx_hal_tim_ex.o
#        C:\Users\dfy\Desktop\save\cube实验\DIANKONGERMIAN\EWARM\DIANKONGERMIAN\Obj\stm32f1xx_hal_uart.o
#        C:\Users\dfy\Desktop\save\cube实验\DIANKONGERMIAN\EWARM\DIANKONGERMIAN\Obj\stm32f1xx_it.o
#        C:\Users\dfy\Desktop\save\cube实验\DIANKONGERMIAN\EWARM\DIANKONGERMIAN\Obj\system_stm32f1xx.o
#        --redirect _Printf=_PrintfFull --redirect _Scanf=_ScanfFull -o
#        C:\Users\dfy\Desktop\save\cube实验\DIANKONGERMIAN\EWARM\DIANKONGERMIAN\Exe\DIANKONGERMIAN.out
#        --map
#        C:\Users\dfy\Desktop\save\cube实验\DIANKONGERMIAN\EWARM\DIANKONGERMIAN\List\DIANKONGERMIAN.map
#        --config
#        C:\Users\dfy\Desktop\save\cube实验\DIANKONGERMIAN\EWARM/stm32f103xe_flash.icf
#        --semihosting --entry __iar_program_start --vfe --text_out locale)
#
###############################################################################

*******************************************************************************
*** RUNTIME MODEL ATTRIBUTES
***

CppFlavor       = *
__SystemLibrary = DLib
__dlib_version  = 6


*******************************************************************************
*** HEAP SELECTION
***

The basic heap was selected because no calls to memory allocation
functions were found in the application outside of system library
functions, and there are calls to deallocation functions in the
application.


*******************************************************************************
*** PLACEMENT SUMMARY
***

"A0":  place at 0x08000000 { ro section .intvec };
"P1":  place in [from 0x08000000 to 0x0807ffff] { ro };
define block CSTACK with size = 1K, alignment = 8 { };
define block HEAP with size = 512, alignment = 8 { };
"P2":  place in [from 0x20000000 to 0x2000ffff] {
          rw, block CSTACK, block HEAP };
initialize by copy { rw };

  Section            Kind        Address    Size  Object
  -------            ----        -------    ----  ------
"A0":                                      0x130
  .intvec            ro code  0x08000000   0x130  startup_stm32f103xe.o [1]
                            - 0x08000130   0x130

"P1":                                     0x1bec
  .text              ro code  0x08000130   0x69e  stm32f1xx_hal_tim.o [1]
  .text              ro code  0x080007d0   0x180  stm32f1xx_hal_msp.o [1]
  .text              ro code  0x08000950     0x2  stm32f1xx_hal_tim.o [1]
  .text              ro code  0x08000952     0x2  stm32f1xx_hal_tim.o [1]
  .text              ro code  0x08000954     0x2  stm32f1xx_hal_tim.o [1]
  .text              ro code  0x08000956     0x2  stm32f1xx_hal_tim.o [1]
  .text              ro code  0x08000958     0x2  stm32f1xx_hal_tim_ex.o [1]
  .text              ro code  0x0800095a     0x2  stm32f1xx_hal_tim.o [1]
  .text              ro code  0x0800095c     0x2  stm32f1xx_hal_tim_ex.o [1]
  .text              ro code  0x0800095e     0x2  stm32f1xx_hal_tim.o [1]
  .text              ro code  0x08000960    0xe6  stm32f1xx_hal_cortex.o [1]
  .text              ro code  0x08000a48   0x1e0  stm32f1xx_hal_gpio.o [1]
  .text              ro code  0x08000c28   0x4e2  stm32f1xx_hal_rcc.o [1]
  .text              ro code  0x0800110c     0xc  stm32f1xx_hal.o [1]
  .text              ro code  0x08001118    0x40  stm32f1xx_hal.o [1]
  .text              ro code  0x08001158   0x398  stm32f1xx_hal_uart.o [1]
  .text              ro code  0x080014f0   0x110  stm32f1xx_hal_dma.o [1]
  .text              ro code  0x08001600     0x2  stm32f1xx_hal_uart.o [1]
  .text              ro code  0x08001602     0x2  stm32f1xx_hal_uart.o [1]
  .text              ro code  0x08001604     0x2  stm32f1xx_hal_uart.o [1]
  .text              ro code  0x08001608   0x258  main.o [1]
  .text              ro code  0x08001860    0x24  stm32f1xx_hal.o [1]
  .text              ro code  0x08001884    0x4a  stm32f1xx_hal_tim_ex.o [1]
  .text              ro code  0x080018d0   0x162  stm32f1xx_hal_flash.o [1]
  .text              ro code  0x08001a32     0x2  stm32f1xx_hal_flash.o [1]
  .text              ro code  0x08001a34    0x28  stm32f1xx_hal_flash_ex.o [1]
  .text              ro code  0x08001a5c    0x5c  system_stm32f1xx.o [1]
  .text              ro code  0x08001ab8    0x40  stm32f1xx_it.o [1]
  .text              ro code  0x08001af8    0x10  stm32f1xx_hal.o [1]
  .text              ro code  0x08001b08    0x40  zero_init3.o [4]
  .text              ro code  0x08001b48    0x2c  copy_init3.o [4]
  .text              ro code  0x08001b74    0x28  data_init.o [4]
  .iar.init_table    const    0x08001b9c    0x24  - Linker created -
  .text              ro code  0x08001bc0    0x1e  cmain.o [4]
  .text              ro code  0x08001bde     0x4  low_level_init.o [3]
  .text              ro code  0x08001be2     0x4  exit.o [3]
  .text              ro code  0x08001be8     0xa  cexit.o [4]
  .text              ro code  0x08001bf4    0x14  exit.o [5]
  .text              ro code  0x08001c08    0x10  startup_stm32f103xe.o [1]
  Initializer bytes  const    0x08001c18    0x10  <for P2-1>
  .text              ro code  0x08001c28     0xc  cstartup_M.o [4]
  .rodata            const    0x08001c34     0x8  system_stm32f1xx.o [1]
  .text              ro code  0x08001c3c     0x4  startup_stm32f103xe.o [1]
  .text              ro code  0x08001c40     0x4  startup_stm32f103xe.o [1]
  .text              ro code  0x08001c44     0x4  startup_stm32f103xe.o [1]
  .text              ro code  0x08001c48     0x4  startup_stm32f103xe.o [1]
  .text              ro code  0x08001c4c     0x4  startup_stm32f103xe.o [1]
  .text              ro code  0x08001c50     0x4  startup_stm32f103xe.o [1]
  .text              ro code  0x08001c54     0x4  startup_stm32f103xe.o [1]
  .text              ro code  0x08001c58     0x4  startup_stm32f103xe.o [1]
  .text              ro code  0x08001c5c     0x4  startup_stm32f103xe.o [1]
  .text              ro code  0x08001c60     0x4  startup_stm32f103xe.o [1]
  .text              ro code  0x08001c64     0x4  startup_stm32f103xe.o [1]
  .text              ro code  0x08001c68     0x4  startup_stm32f103xe.o [1]
  .text              ro code  0x08001c6c     0x4  startup_stm32f103xe.o [1]
  .text              ro code  0x08001c70     0x4  startup_stm32f103xe.o [1]
  .text              ro code  0x08001c74     0x4  startup_stm32f103xe.o [1]
  .text              ro code  0x08001c78     0x4  startup_stm32f103xe.o [1]
  .text              ro code  0x08001c7c     0x4  startup_stm32f103xe.o [1]
  .text              ro code  0x08001c80     0x4  startup_stm32f103xe.o [1]
  .text              ro code  0x08001c84     0x4  startup_stm32f103xe.o [1]
  .text              ro code  0x08001c88     0x4  startup_stm32f103xe.o [1]
  .text              ro code  0x08001c8c     0x4  startup_stm32f103xe.o [1]
  .text              ro code  0x08001c90     0x4  startup_stm32f103xe.o [1]
  .text              ro code  0x08001c94     0x4  startup_stm32f103xe.o [1]
  .text              ro code  0x08001c98     0x4  startup_stm32f103xe.o [1]
  .text              ro code  0x08001c9c     0x4  startup_stm32f103xe.o [1]
  .text              ro code  0x08001ca0     0x4  startup_stm32f103xe.o [1]
  .text              ro code  0x08001ca4     0x4  startup_stm32f103xe.o [1]
  .text              ro code  0x08001ca8     0x4  startup_stm32f103xe.o [1]
  .text              ro code  0x08001cac     0x4  startup_stm32f103xe.o [1]
  .text              ro code  0x08001cb0     0x4  startup_stm32f103xe.o [1]
  .text              ro code  0x08001cb4     0x4  startup_stm32f103xe.o [1]
  .text              ro code  0x08001cb8     0x4  startup_stm32f103xe.o [1]
  .text              ro code  0x08001cbc     0x4  startup_stm32f103xe.o [1]
  .text              ro code  0x08001cc0     0x4  startup_stm32f103xe.o [1]
  .text              ro code  0x08001cc4     0x4  startup_stm32f103xe.o [1]
  .text              ro code  0x08001cc8     0x4  startup_stm32f103xe.o [1]
  .text              ro code  0x08001ccc     0x4  startup_stm32f103xe.o [1]
  .text              ro code  0x08001cd0     0x4  startup_stm32f103xe.o [1]
  .text              ro code  0x08001cd4     0x4  startup_stm32f103xe.o [1]
  .text              ro code  0x08001cd8     0x4  startup_stm32f103xe.o [1]
  .text              ro code  0x08001cdc     0x4  startup_stm32f103xe.o [1]
  .text              ro code  0x08001ce0     0x4  startup_stm32f103xe.o [1]
  .text              ro code  0x08001ce4     0x4  startup_stm32f103xe.o [1]
  .text              ro code  0x08001ce8     0x4  startup_stm32f103xe.o [1]
  .text              ro code  0x08001cec     0x4  startup_stm32f103xe.o [1]
  .text              ro code  0x08001cf0     0x4  startup_stm32f103xe.o [1]
  .text              ro code  0x08001cf4     0x4  startup_stm32f103xe.o [1]
  .text              ro code  0x08001cf8     0x4  startup_stm32f103xe.o [1]
  .text              ro code  0x08001cfc     0x4  startup_stm32f103xe.o [1]
  .text              ro code  0x08001d00     0x4  startup_stm32f103xe.o [1]
  .text              ro code  0x08001d04     0x4  startup_stm32f103xe.o [1]
  .text              ro code  0x08001d08     0x4  startup_stm32f103xe.o [1]
  .text              ro code  0x08001d0c     0x4  startup_stm32f103xe.o [1]
  .text              ro code  0x08001d10     0x4  startup_stm32f103xe.o [1]
  .text              ro code  0x08001d14     0x4  startup_stm32f103xe.o [1]
  .text              ro code  0x08001d18     0x4  startup_stm32f103xe.o [1]
  .rodata            const    0x08001d1c     0x0  zero_init3.o [4]
  .rodata            const    0x08001d1c     0x0  copy_init3.o [4]
                            - 0x08001d1c  0x1bec

"P2", part 1 of 3:                          0x10
  P2-1                        0x20000000    0x10  <Init block>
    .data            inited   0x20000000     0xc  stm32f1xx_hal.o [1]
    .data            inited   0x2000000c     0x4  system_stm32f1xx.o [1]
                            - 0x20000010    0x10

"P2", part 2 of 3:                          0xe0
  .bss               zero     0x20000010    0x80  main.o [1]
  .bss               zero     0x20000090    0x40  main.o [1]
  .bss               zero     0x200000d0    0x20  stm32f1xx_hal_flash.o [1]
                            - 0x200000f0    0xe0

"P2", part 3 of 3:                         0x400
  CSTACK                      0x200000f0   0x400  <Block>
    CSTACK           uninit   0x200000f0   0x400  <Block tail>
                            - 0x200004f0   0x400


*******************************************************************************
*** INIT TABLE
***

          Address     Size
          -------     ----
Zero (__iar_zero_init3)
    1 destination range, total size 0xe0:
          0x20000010  0xe0

Copy (__iar_copy_init3)
    1 source range, total size 0x10:
          0x08001c18  0x10
    1 destination range, total size 0x10:
          0x20000000  0x10



*******************************************************************************
*** MODULE SUMMARY
***

    Module                    ro code  ro data  rw data
    ------                    -------  -------  -------
C:\Users\dfy\Desktop\save\cube实验\DIANKONGERMIAN\EWARM\DIANKONGERMIAN\Obj: [1]
    main.o                        600               192
    startup_stm32f103xe.o         544
    stm32f1xx_hal.o               128       12       12
    stm32f1xx_hal_cortex.o        230
    stm32f1xx_hal_dma.o           272
    stm32f1xx_hal_flash.o         356                32
    stm32f1xx_hal_flash_ex.o       40
    stm32f1xx_hal_gpio.o          480
    stm32f1xx_hal_msp.o           384
    stm32f1xx_hal_rcc.o         1 250
    stm32f1xx_hal_tim.o         1 706
    stm32f1xx_hal_tim_ex.o         78
    stm32f1xx_hal_uart.o          926
    stm32f1xx_it.o                 64
    system_stm32f1xx.o             92       12        4
    ---------------------------------------------------
    Total:                      7 150       24      240

command line: [2]
    ---------------------------------------------------
    Total:

dl7M_tlf.a: [3]
    exit.o                          4
    low_level_init.o                4
    ---------------------------------------------------
    Total:                          8

rt7M_tl.a: [4]
    cexit.o                        10
    cmain.o                        30
    copy_init3.o                   44
    cstartup_M.o                   12
    data_init.o                    40
    zero_init3.o                   64
    ---------------------------------------------------
    Total:                        200

shb_l.a: [5]
    exit.o                         20
    ---------------------------------------------------
    Total:                         20

    Gaps                           14
    Linker created                          36    1 024
-------------------------------------------------------
    Grand Total:                7 392       60    1 264


*******************************************************************************
*** ENTRY LIST
***

Entry                      Address   Size  Type      Object
-----                      -------   ----  ----      ------
.iar.init_table$$Base   0x08001b9c          --   Gb  - Linker created -
.iar.init_table$$Limit  0x08001bc0          --   Gb  - Linker created -
?main                   0x08001bc1         Code  Gb  cmain.o [4]
AHBPrescTable           0x08001aa8   0x10  Data  Gb  system_stm32f1xx.o [1]
APBPrescTable           0x08001c34    0x8  Data  Gb  system_stm32f1xx.o [1]
BusFault_Handler        0x08001abf    0x2  Code  Gb  stm32f1xx_it.o [1]
CSTACK$$Base            0x200000f0          --   Gb  - Linker created -
CSTACK$$Limit           0x200004f0          --   Gb  - Linker created -
DebugMon_Handler        0x08001ac5    0x2  Code  Gb  stm32f1xx_it.o [1]
FLASH_IRQHandler        0x08001ad7    0x4  Code  Gb  stm32f1xx_it.o [1]
FLASH_PageErase         0x08001a35   0x1c  Code  Gb  stm32f1xx_hal_flash_ex.o [1]
FLASH_Program_HalfWord  0x080019c7   0x16  Code  Lc  stm32f1xx_hal_flash.o [1]
FLASH_SetErrorCode      0x080019dd   0x44  Code  Lc  stm32f1xx_hal_flash.o [1]
HAL_DMA_Abort_IT        0x080014f1   0xdc  Code  Gb  stm32f1xx_hal_dma.o [1]
HAL_FLASH_IRQHandler    0x080018d1   0xf6  Code  Gb  stm32f1xx_hal_flash.o [1]
HAL_GPIO_Init           0x08000a49  0x196  Code  Gb  stm32f1xx_hal_gpio.o [1]
HAL_GPIO_WritePin       0x08000bdf    0xc  Code  Gb  stm32f1xx_hal_gpio.o [1]
HAL_GetTick             0x0800110d    0xc  Code  Wk  stm32f1xx_hal.o [1]
HAL_IncTick             0x08001af9   0x10  Code  Wk  stm32f1xx_hal.o [1]
HAL_Init                0x08001861   0x20  Code  Gb  stm32f1xx_hal.o [1]
HAL_InitTick            0x08001119   0x40  Code  Wk  stm32f1xx_hal.o [1]
HAL_MspInit             0x080007d1   0x92  Code  Gb  stm32f1xx_hal_msp.o [1]
HAL_MultiProcessor_Init
                        0x08001197   0x40  Code  Gb  stm32f1xx_hal_uart.o [1]
HAL_NVIC_EnableIRQ      0x080009d3    0xa  Code  Gb  stm32f1xx_hal_cortex.o [1]
HAL_NVIC_SetPriority    0x08000999   0x3a  Code  Gb  stm32f1xx_hal_cortex.o [1]
HAL_NVIC_SetPriorityGrouping
                        0x0800097f   0x1a  Code  Gb  stm32f1xx_hal_cortex.o [1]
HAL_RCC_ClockConfig     0x08000f45  0x10c  Code  Gb  stm32f1xx_hal_rcc.o [1]
HAL_RCC_GetHCLKFreq     0x080010a1    0x6  Code  Gb  stm32f1xx_hal_rcc.o [1]
HAL_RCC_GetPCLK1Freq    0x080010a7   0x10  Code  Gb  stm32f1xx_hal_rcc.o [1]
HAL_RCC_GetPCLK2Freq    0x080010b7    0xe  Code  Gb  stm32f1xx_hal_rcc.o [1]
HAL_RCC_GetSysClockFreq
                        0x08001065   0x3c  Code  Gb  stm32f1xx_hal_rcc.o [1]
HAL_RCC_GetSysClockFreq::aPLLMULFactorTable
                        0x080010f8   0x10  Data  Lc  stm32f1xx_hal_rcc.o [1]
HAL_RCC_GetSysClockFreq::aPredivFactorTable
                        0x08001108    0x2  Data  Lc  stm32f1xx_hal_rcc.o [1]
HAL_RCC_OscConfig       0x08000c29  0x314  Code  Gb  stm32f1xx_hal_rcc.o [1]
HAL_SYSTICK_CLKSourceConfig
                        0x08000a0f   0x1a  Code  Gb  stm32f1xx_hal_cortex.o [1]
HAL_SYSTICK_Config      0x080009e7   0x28  Code  Gb  stm32f1xx_hal_cortex.o [1]
HAL_SYSTICK_IRQHandler  0x08000a41    0x4  Code  Gb  stm32f1xx_hal_cortex.o [1]
HAL_TIMEx_BreakCallback
                        0x08000959    0x2  Code  Wk  stm32f1xx_hal_tim_ex.o [1]
HAL_TIMEx_CommutationCallback
                        0x0800095d    0x2  Code  Wk  stm32f1xx_hal_tim_ex.o [1]
HAL_TIMEx_MasterConfigSynchronization
                        0x08001885   0x4a  Code  Gb  stm32f1xx_hal_tim_ex.o [1]
HAL_TIM_Base_Init       0x08000131   0x1a  Code  Gb  stm32f1xx_hal_tim.o [1]
HAL_TIM_Base_MspInit    0x0800089d   0x22  Code  Gb  stm32f1xx_hal_msp.o [1]
HAL_TIM_ConfigClockSource
                        0x08000489   0xac  Code  Gb  stm32f1xx_hal_tim.o [1]
HAL_TIM_Encoder_Init    0x080001c7   0x88  Code  Gb  stm32f1xx_hal_tim.o [1]
HAL_TIM_Encoder_MspInit
                        0x08000863   0x3a  Code  Gb  stm32f1xx_hal_msp.o [1]
HAL_TIM_IRQHandler      0x08000259  0x142  Code  Gb  stm32f1xx_hal_tim.o [1]
HAL_TIM_MspPostInit     0x080008bf   0x22  Code  Gb  stm32f1xx_hal_msp.o [1]
HAL_TIM_PWM_ConfigChannel
                        0x080003a1   0xc0  Code  Gb  stm32f1xx_hal_tim.o [1]
HAL_TIM_PWM_Init        0x08000175   0x1a  Code  Gb  stm32f1xx_hal_tim.o [1]
HAL_TIM_PWM_Start       0x0800018f   0x14  Code  Gb  stm32f1xx_hal_tim.o [1]
HAL_UART_IRQHandler     0x080011f7  0x152  Code  Gb  stm32f1xx_hal_uart.o [1]
HAL_UART_MspInit        0x080008e1   0x3e  Code  Gb  stm32f1xx_hal_msp.o [1]
HardFault_Handler       0x08001abb    0x2  Code  Gb  stm32f1xx_it.o [1]
MX_TIM4_Init            0x080017a5   0x96  Code  Lc  main.o [1]
MemManage_Handler       0x08001abd    0x2  Code  Gb  stm32f1xx_it.o [1]
NMI_Handler             0x08001ab9    0x2  Code  Gb  stm32f1xx_it.o [1]
NVIC_SetPriority        0x08000961   0x1e  Code  Lc  stm32f1xx_hal_cortex.o [1]
PendSV_Handler          0x08001ac7    0x2  Code  Gb  stm32f1xx_it.o [1]
Region$$Table$$Base     0x08001b9c          --   Gb  - Linker created -
Region$$Table$$Limit    0x08001bc0          --   Gb  - Linker created -
SVC_Handler             0x08001ac3    0x2  Code  Gb  stm32f1xx_it.o [1]
SysTick_Handler         0x08001ac9    0xe  Code  Gb  stm32f1xx_it.o [1]
SystemClock_Config      0x08001733   0x72  Code  Gb  main.o [1]
SystemCoreClock         0x2000000c    0x4  Data  Gb  system_stm32f1xx.o [1]
SystemInit              0x08001a5d   0x3a  Code  Gb  system_stm32f1xx.o [1]
TIM2_IRQHandler         0x08001adb    0x6  Code  Gb  stm32f1xx_it.o [1]
TIM4_IRQHandler         0x08001ae1    0x6  Code  Gb  stm32f1xx_it.o [1]
TIM_Base_SetConfig      0x08000569   0x74  Code  Gb  stm32f1xx_hal_tim.o [1]
TIM_CCxChannelCmd       0x080007b7   0x12  Code  Gb  stm32f1xx_hal_tim.o [1]
TIM_ETR_SetConfig       0x080007a3   0x14  Code  Lc  stm32f1xx_hal_tim.o [1]
TIM_ITRx_SetConfig      0x08000793   0x10  Code  Lc  stm32f1xx_hal_tim.o [1]
TIM_OC1_SetConfig       0x080005dd   0x52  Code  Lc  stm32f1xx_hal_tim.o [1]
TIM_OC2_SetConfig       0x0800062f   0x60  Code  Gb  stm32f1xx_hal_tim.o [1]
TIM_OC3_SetConfig       0x0800068f   0x58  Code  Lc  stm32f1xx_hal_tim.o [1]
TIM_OC4_SetConfig       0x080006f3   0x46  Code  Lc  stm32f1xx_hal_tim.o [1]
TIM_TI1_ConfigInputStage
                        0x08000751   0x1e  Code  Lc  stm32f1xx_hal_tim.o [1]
TIM_TI2_ConfigInputStage
                        0x0800076f   0x24  Code  Lc  stm32f1xx_hal_tim.o [1]
UART_DMAAbortOnError    0x08001365    0xc  Code  Lc  stm32f1xx_hal_uart.o [1]
UART_EndRxTransfer      0x08001349   0x1c  Code  Lc  stm32f1xx_hal_uart.o [1]
UART_Receive_IT         0x08001371   0x96  Code  Lc  stm32f1xx_hal_uart.o [1]
UART_SetConfig          0x08001407   0xde  Code  Lc  stm32f1xx_hal_uart.o [1]
USART1_IRQHandler       0x08001ae7    0x6  Code  Gb  stm32f1xx_it.o [1]
UsageFault_Handler      0x08001ac1    0x2  Code  Gb  stm32f1xx_it.o [1]
__cmain                 0x08001bc1         Code  Gb  cmain.o [4]
__exit                  0x08001bf5   0x14  Code  Gb  exit.o [5]
__iar_copy_init3        0x08001b49   0x2c  Code  Gb  copy_init3.o [4]
__iar_data_init3        0x08001b75   0x28  Code  Gb  data_init.o [4]
__iar_program_start     0x08001c29         Code  Gb  cstartup_M.o [4]
__iar_systems$$module {Abs}
                        0x00000001         Data  Gb  command line/config [2]
__iar_zero_init3        0x08001b09   0x40  Code  Gb  zero_init3.o [4]
__low_level_init        0x08001bdf    0x4  Code  Gb  low_level_init.o [3]
__vector_table          0x08000000         Data  Gb  startup_stm32f103xe.o [1]
_call_main              0x08001bcd         Code  Gb  cmain.o [4]
_exit                   0x08001be9         Code  Gb  cexit.o [4]
_main                   0x08001bdb         Code  Gb  cmain.o [4]
exit                    0x08001be3    0x4  Code  Gb  exit.o [3]
htim2                   0x20000050   0x40  Data  Gb  main.o [1]
htim4                   0x20000090   0x40  Data  Gb  main.o [1]
huart1                  0x20000010   0x40  Data  Gb  main.o [1]
main                    0x08001609  0x12a  Code  Gb  main.o [1]
pFlash                  0x200000d0   0x20  Data  Gb  stm32f1xx_hal_flash.o [1]
uwTick                  0x20000004    0x4  Data  Gb  stm32f1xx_hal.o [1]
uwTickFreq              0x20000000    0x1  Data  Gb  stm32f1xx_hal.o [1]
uwTickPrio              0x20000008    0x4  Data  Gb  stm32f1xx_hal.o [1]


[1] = C:\Users\dfy\Desktop\save\cube实验\DIANKONGERMIAN\EWARM\DIANKONGERMIAN\Obj
[2] = command line
[3] = dl7M_tlf.a
[4] = rt7M_tl.a
[5] = shb_l.a

  7 392 bytes of readonly  code memory
     60 bytes of readonly  data memory
  1 264 bytes of readwrite data memory

Errors: none
Warnings: none
