###############################################################################
#
# IAR ELF Linker V8.22.1.15669/W32 for ARM                27/Sep/2018  13:09:57
# Copyright 2007-2018 IAR Systems AB.
#
#    Output file  =  
#        C:\Users\dfy\Desktop\save\DIANKONGERMIAN\EWARM\DIANKONGERMIAN\Exe\DIANKONGERMIAN.out
#    Map file     =  
#        C:\Users\dfy\Desktop\save\DIANKONGERMIAN\EWARM\DIANKONGERMIAN\List\DIANKONGERMIAN.map
#    Command line =  
#        -f C:\Users\dfy\AppData\Local\Temp\EWD494.tmp
#        (C:\Users\dfy\Desktop\save\DIANKONGERMIAN\EWARM\DIANKONGERMIAN\Obj\main.o
#        C:\Users\dfy\Desktop\save\DIANKONGERMIAN\EWARM\DIANKONGERMIAN\Obj\startup_stm32f103xe.o
#        C:\Users\dfy\Desktop\save\DIANKONGERMIAN\EWARM\DIANKONGERMIAN\Obj\stm32f1xx_hal.o
#        C:\Users\dfy\Desktop\save\DIANKONGERMIAN\EWARM\DIANKONGERMIAN\Obj\stm32f1xx_hal_cortex.o
#        C:\Users\dfy\Desktop\save\DIANKONGERMIAN\EWARM\DIANKONGERMIAN\Obj\stm32f1xx_hal_dma.o
#        C:\Users\dfy\Desktop\save\DIANKONGERMIAN\EWARM\DIANKONGERMIAN\Obj\stm32f1xx_hal_flash.o
#        C:\Users\dfy\Desktop\save\DIANKONGERMIAN\EWARM\DIANKONGERMIAN\Obj\stm32f1xx_hal_flash_ex.o
#        C:\Users\dfy\Desktop\save\DIANKONGERMIAN\EWARM\DIANKONGERMIAN\Obj\stm32f1xx_hal_gpio.o
#        C:\Users\dfy\Desktop\save\DIANKONGERMIAN\EWARM\DIANKONGERMIAN\Obj\stm32f1xx_hal_gpio_ex.o
#        C:\Users\dfy\Desktop\save\DIANKONGERMIAN\EWARM\DIANKONGERMIAN\Obj\stm32f1xx_hal_msp.o
#        C:\Users\dfy\Desktop\save\DIANKONGERMIAN\EWARM\DIANKONGERMIAN\Obj\stm32f1xx_hal_pwr.o
#        C:\Users\dfy\Desktop\save\DIANKONGERMIAN\EWARM\DIANKONGERMIAN\Obj\stm32f1xx_hal_rcc.o
#        C:\Users\dfy\Desktop\save\DIANKONGERMIAN\EWARM\DIANKONGERMIAN\Obj\stm32f1xx_hal_rcc_ex.o
#        C:\Users\dfy\Desktop\save\DIANKONGERMIAN\EWARM\DIANKONGERMIAN\Obj\stm32f1xx_hal_tim.o
#        C:\Users\dfy\Desktop\save\DIANKONGERMIAN\EWARM\DIANKONGERMIAN\Obj\stm32f1xx_hal_tim_ex.o
#        C:\Users\dfy\Desktop\save\DIANKONGERMIAN\EWARM\DIANKONGERMIAN\Obj\stm32f1xx_hal_uart.o
#        C:\Users\dfy\Desktop\save\DIANKONGERMIAN\EWARM\DIANKONGERMIAN\Obj\stm32f1xx_it.o
#        C:\Users\dfy\Desktop\save\DIANKONGERMIAN\EWARM\DIANKONGERMIAN\Obj\system_stm32f1xx.o
#        --redirect _Printf=_PrintfFull --redirect _Scanf=_ScanfFull -o
#        C:\Users\dfy\Desktop\save\DIANKONGERMIAN\EWARM\DIANKONGERMIAN\Exe\DIANKONGERMIAN.out
#        --map
#        C:\Users\dfy\Desktop\save\DIANKONGERMIAN\EWARM\DIANKONGERMIAN\List\DIANKONGERMIAN.map
#        --config
#        C:\Users\dfy\Desktop\save\DIANKONGERMIAN\EWARM/stm32f103xe_flash.icf
#        --semihosting --entry __iar_program_start --vfe --text_out locale)
#
###############################################################################

*******************************************************************************
*** RUNTIME MODEL ATTRIBUTES
***

CppFlavor       = *
__SystemLibrary = DLib
__dlib_version  = 6


*******************************************************************************
*** HEAP SELECTION
***

The basic heap was selected because no calls to memory allocation
functions were found in the application outside of system library
functions, and there are calls to deallocation functions in the
application.


*******************************************************************************
*** PLACEMENT SUMMARY
***

"A0":  place at 0x08000000 { ro section .intvec };
"P1":  place in [from 0x08000000 to 0x0807ffff] { ro };
define block CSTACK with size = 1K, alignment = 8 { };
define block HEAP with size = 512, alignment = 8 { };
"P2":  place in [from 0x20000000 to 0x2000ffff] {
          rw, block CSTACK, block HEAP };
initialize by copy { rw };

  Section            Kind        Address    Size  Object
  -------            ----        -------    ----  ------
"A0":                                      0x130
  .intvec            ro code  0x08000000   0x130  startup_stm32f103xe.o [1]
                            - 0x08000130   0x130

"P1":                                     0x3ff8
  .text              ro code  0x08000130   0xf96  xprintffull.o [3]
  .text              ro code  0x080010c6    0x1e  xencoding_8859_1.o [3]
  .text              ro code  0x080010e4    0x74  xlocale_c.o [3]
  .text              ro code  0x08001158    0x16  strchr.o [5]
  .text              ro code  0x0800116e    0x1a  xsnprout.o [3]
  .text              ro code  0x08001188    0x40  xfail_s.o [3]
  .text              ro code  0x080011c8    0x36  strlen.o [5]
  .text              ro code  0x08001200    0x58  memchr.o [5]
  .text              ro code  0x08001258     0xa  xmbcurmax.o [3]
  .text              ro code  0x08001264    0xa6  ABImemcpy.o [5]
  .text              ro code  0x0800130c   0x22e  I64DivMod.o [5]
  .text              ro code  0x0800153c   0x1a2  DblMul.o [4]
  .text              ro code  0x080016e0    0x70  frexp.o [4]
  .text              ro code  0x08001750    0x2e  DblCmpLe.o [4]
  .text              ro code  0x08001780    0x2e  DblCmpGe.o [4]
  .text              ro code  0x080017b0   0x13a  ldexp.o [4]
  .text              ro code  0x080018ec    0x3a  DblToS32.o [4]
  .text              ro code  0x08001928    0x22  S32ToDbl.o [4]
  .text              ro code  0x0800194c    0xe2  DblSub.o [4]
  .text              ro code  0x08001a30   0x246  DblDiv.o [4]
  .text              ro code  0x08001c78    0x28  DblToU32.o [4]
  .text              ro code  0x08001ca0    0x1a  U32ToDbl.o [4]
  .text              ro code  0x08001cba     0x6  abort.o [3]
  .text              ro code  0x08001cc0     0x2  I64DivZer.o [5]
  .text              ro code  0x08001cc4   0x168  DblAdd.o [4]
  .text              ro code  0x08001e2c    0x14  exit.o [6]
  .text              ro code  0x08001e40   0x6d2  stm32f1xx_hal_tim.o [1]
  .text              ro code  0x08002514   0x17c  stm32f1xx_hal_msp.o [1]
  .text              ro code  0x08002690     0x2  stm32f1xx_hal_tim.o [1]
  .text              ro code  0x08002692     0x2  stm32f1xx_hal_tim.o [1]
  .text              ro code  0x08002694     0x2  stm32f1xx_hal_tim.o [1]
  .text              ro code  0x08002696     0x2  stm32f1xx_hal_tim.o [1]
  .text              ro code  0x08002698     0x2  stm32f1xx_hal_tim_ex.o [1]
  .text              ro code  0x0800269a     0x2  stm32f1xx_hal_tim.o [1]
  .text              ro code  0x0800269c     0x2  stm32f1xx_hal_tim_ex.o [1]
  .text              ro code  0x0800269e     0x2  stm32f1xx_hal_tim.o [1]
  .text              ro code  0x080026a0    0xe4  stm32f1xx_hal_cortex.o [1]
  .text              ro code  0x08002784   0x1e0  stm32f1xx_hal_gpio.o [1]
  .text              ro code  0x08002964   0x494  main.o [1]
  .text              ro code  0x08002df8    0x24  stm32f1xx_hal.o [1]
  .text              ro code  0x08002e1c   0x508  stm32f1xx_hal_uart.o [1]
  .text              ro code  0x08003324   0x4e2  stm32f1xx_hal_rcc.o [1]
  .text              ro code  0x08003808    0x4a  stm32f1xx_hal_tim_ex.o [1]
  .text              ro code  0x08003854    0x3c  vsnprint.o [3]
  .text              ro code  0x08003890    0x1c  U32ToFlt.o [4]
  .text              ro code  0x080038ac    0x80  FltSub.o [4]
  .text              ro code  0x0800392c    0xd8  FltMul.o [4]
  .text              ro code  0x08003a04    0xe2  FltAdd.o [4]
  .text              ro code  0x08003ae8    0x22  FltToU32.o [4]
  .text              ro code  0x08003b0c    0x24  S32ToFlt.o [4]
  .text              ro code  0x08003b30    0x40  stm32f1xx_hal.o [1]
  .text              ro code  0x08003b70     0xc  stm32f1xx_hal.o [1]
  .text              ro code  0x08003b7c   0x110  stm32f1xx_hal_dma.o [1]
  .text              ro code  0x08003c8c     0x2  stm32f1xx_hal_uart.o [1]
  .text              ro code  0x08003c8e     0x2  stm32f1xx_hal_uart.o [1]
  .text              ro code  0x08003c90   0x162  stm32f1xx_hal_flash.o [1]
  .text              ro code  0x08003df2     0x2  stm32f1xx_hal_flash.o [1]
  .text              ro code  0x08003df4    0x28  stm32f1xx_hal_flash_ex.o [1]
  .text              ro code  0x08003e1c    0x5c  system_stm32f1xx.o [1]
  .text              ro code  0x08003e78    0x40  stm32f1xx_it.o [1]
  .text              ro code  0x08003eb8    0x10  stm32f1xx_hal.o [1]
  .text              ro code  0x08003ec8    0x40  zero_init3.o [5]
  .text              ro code  0x08003f08    0x38  packbits_init_single.o [5]
  .text              ro code  0x08003f40    0x28  data_init.o [5]
  .iar.init_table    const    0x08003f68    0x20  - Linker created -
  .text              ro code  0x08003f88    0x1e  cmain.o [5]
  .text              ro code  0x08003fa6     0x4  low_level_init.o [3]
  .text              ro code  0x08003faa     0x4  exit.o [3]
  .text              ro code  0x08003fb0     0xa  cexit.o [5]
  .text              ro code  0x08003fbc    0x10  startup_stm32f103xe.o [1]
  .text              ro code  0x08003fcc     0xc  cstartup_M.o [5]
  .rodata            const    0x08003fd8     0x8  system_stm32f1xx.o [1]
  .rodata            const    0x08003fe0     0x6  xlocale_c.o [3]
  .text              ro code  0x08003fe6     0x4  startup_stm32f103xe.o [1]
  .text              ro code  0x08003fea     0x4  startup_stm32f103xe.o [1]
  .text              ro code  0x08003fee     0x4  startup_stm32f103xe.o [1]
  .text              ro code  0x08003ff2     0x4  startup_stm32f103xe.o [1]
  .text              ro code  0x08003ff6     0x4  startup_stm32f103xe.o [1]
  .text              ro code  0x08003ffa     0x4  startup_stm32f103xe.o [1]
  .text              ro code  0x08003ffe     0x4  startup_stm32f103xe.o [1]
  .text              ro code  0x08004002     0x4  startup_stm32f103xe.o [1]
  .text              ro code  0x08004006     0x4  startup_stm32f103xe.o [1]
  .text              ro code  0x0800400a     0x4  startup_stm32f103xe.o [1]
  .text              ro code  0x0800400e     0x4  startup_stm32f103xe.o [1]
  .text              ro code  0x08004012     0x4  startup_stm32f103xe.o [1]
  .text              ro code  0x08004016     0x4  startup_stm32f103xe.o [1]
  .text              ro code  0x0800401a     0x4  startup_stm32f103xe.o [1]
  .text              ro code  0x0800401e     0x4  startup_stm32f103xe.o [1]
  .text              ro code  0x08004022     0x4  startup_stm32f103xe.o [1]
  .text              ro code  0x08004026     0x4  startup_stm32f103xe.o [1]
  .text              ro code  0x0800402a     0x4  startup_stm32f103xe.o [1]
  .text              ro code  0x0800402e     0x4  startup_stm32f103xe.o [1]
  .text              ro code  0x08004032     0x4  startup_stm32f103xe.o [1]
  .text              ro code  0x08004036     0x4  startup_stm32f103xe.o [1]
  .text              ro code  0x0800403a     0x4  startup_stm32f103xe.o [1]
  .text              ro code  0x0800403e     0x4  startup_stm32f103xe.o [1]
  .text              ro code  0x08004042     0x4  startup_stm32f103xe.o [1]
  .text              ro code  0x08004046     0x4  startup_stm32f103xe.o [1]
  .text              ro code  0x0800404a     0x4  startup_stm32f103xe.o [1]
  .text              ro code  0x0800404e     0x4  startup_stm32f103xe.o [1]
  .text              ro code  0x08004052     0x4  startup_stm32f103xe.o [1]
  .text              ro code  0x08004056     0x4  startup_stm32f103xe.o [1]
  .text              ro code  0x0800405a     0x4  startup_stm32f103xe.o [1]
  .text              ro code  0x0800405e     0x4  startup_stm32f103xe.o [1]
  .text              ro code  0x08004062     0x4  startup_stm32f103xe.o [1]
  .text              ro code  0x08004066     0x4  startup_stm32f103xe.o [1]
  .text              ro code  0x0800406a     0x4  startup_stm32f103xe.o [1]
  .text              ro code  0x0800406e     0x4  startup_stm32f103xe.o [1]
  .text              ro code  0x08004072     0x4  startup_stm32f103xe.o [1]
  .text              ro code  0x08004076     0x4  startup_stm32f103xe.o [1]
  .text              ro code  0x0800407a     0x4  startup_stm32f103xe.o [1]
  .text              ro code  0x0800407e     0x4  startup_stm32f103xe.o [1]
  .text              ro code  0x08004082     0x4  startup_stm32f103xe.o [1]
  .text              ro code  0x08004086     0x4  startup_stm32f103xe.o [1]
  .text              ro code  0x0800408a     0x4  startup_stm32f103xe.o [1]
  .text              ro code  0x0800408e     0x4  startup_stm32f103xe.o [1]
  .text              ro code  0x08004092     0x4  startup_stm32f103xe.o [1]
  .text              ro code  0x08004096     0x4  startup_stm32f103xe.o [1]
  .text              ro code  0x0800409a     0x4  startup_stm32f103xe.o [1]
  .text              ro code  0x0800409e     0x4  startup_stm32f103xe.o [1]
  .text              ro code  0x080040a2     0x4  startup_stm32f103xe.o [1]
  .text              ro code  0x080040a6     0x4  startup_stm32f103xe.o [1]
  .text              ro code  0x080040aa     0x4  startup_stm32f103xe.o [1]
  .text              ro code  0x080040ae     0x4  startup_stm32f103xe.o [1]
  .text              ro code  0x080040b2     0x4  startup_stm32f103xe.o [1]
  .text              ro code  0x080040b6     0x4  startup_stm32f103xe.o [1]
  .text              ro code  0x080040ba     0x4  startup_stm32f103xe.o [1]
  .text              ro code  0x080040be     0x4  startup_stm32f103xe.o [1]
  .text              ro code  0x080040c2     0x4  startup_stm32f103xe.o [1]
  .rodata            const    0x080040c6     0x0  zero_init3.o [5]
  .rodata            const    0x080040c6     0x0  packbits_init_single.o [5]
  Initializer bytes  const    0x080040c6    0x62  <for P2-1>
                            - 0x08004128  0x3ff8

"P2", part 1 of 3:                         0x154
  P2-1                        0x20000000   0x154  <Init block>
    .data            inited   0x20000000    0xc4  main.o [1]
    .data            inited   0x200000c4     0xc  stm32f1xx_hal.o [1]
    .data            inited   0x200000d0     0x4  system_stm32f1xx.o [1]
    .data            inited   0x200000d4    0x38  xlocale_c.o [3]
    .data            inited   0x2000010c    0x48  xlocale_c.o [3]
                            - 0x20000154   0x154

"P2", part 2 of 3:                          0xb4
  .bss               zero     0x20000154    0x40  main.o [1]
  .bss               zero     0x20000194    0x40  main.o [1]
  .bss               zero     0x200001d8    0x20  stm32f1xx_hal_flash.o [1]
  .bss               zero     0x200001f8     0xc  main.o [1]
  .bss               zero     0x20000204     0x4  xfail_s.o [3]
                            - 0x20000208    0xb4

"P2", part 3 of 3:                         0x400
  CSTACK                      0x20000208   0x400  <Block>
    CSTACK           uninit   0x20000208   0x400  <Block tail>
                            - 0x20000608   0x400


*******************************************************************************
*** INIT TABLE
***

          Address     Size
          -------     ----
Zero (__iar_zero_init3)
    1 destination range, total size 0xb4:
          0x20000154   0xb4

Copy/packbits (__iar_packbits_init_single3)
    1 source range, total size 0x62 (28% of destination):
          0x080040c6   0x62
    1 destination range, total size 0x154:
          0x20000000  0x154



*******************************************************************************
*** MODULE SUMMARY
***

    Module                    ro code  ro data  rw data
    ------                    -------  -------  -------
C:\Users\dfy\Desktop\save\DIANKONGERMIAN\EWARM\DIANKONGERMIAN\Obj: [1]
    main.o                      1 172       56      336
    startup_stm32f103xe.o         544
    stm32f1xx_hal.o               128        3       12
    stm32f1xx_hal_cortex.o        228
    stm32f1xx_hal_dma.o           272
    stm32f1xx_hal_flash.o         356                32
    stm32f1xx_hal_flash_ex.o       40
    stm32f1xx_hal_gpio.o          480
    stm32f1xx_hal_msp.o           380
    stm32f1xx_hal_rcc.o         1 250
    stm32f1xx_hal_tim.o         1 758
    stm32f1xx_hal_tim_ex.o         78
    stm32f1xx_hal_uart.o        1 292
    stm32f1xx_it.o                 64
    system_stm32f1xx.o             92       10        4
    ---------------------------------------------------
    Total:                      8 134       69      384

command line: [2]
    ---------------------------------------------------
    Total:

dl7M_tlf.a: [3]
    abort.o                         6
    exit.o                          4
    low_level_init.o                4
    vsnprint.o                     60
    xencoding_8859_1.o             30
    xfail_s.o                      64                 4
    xlocale_c.o                   116       42      128
    xmbcurmax.o                    10
    xprintffull.o               3 990
    xsnprout.o                     26
    ---------------------------------------------------
    Total:                      4 310       42      132

m7M_tl.a: [4]
    DblAdd.o                      360
    DblCmpGe.o                     46
    DblCmpLe.o                     46
    DblDiv.o                      582
    DblMul.o                      418
    DblSub.o                      226
    DblToS32.o                     58
    DblToU32.o                     40
    FltAdd.o                      226
    FltMul.o                      216
    FltSub.o                      128
    FltToU32.o                     34
    S32ToDbl.o                     34
    S32ToFlt.o                     36
    U32ToDbl.o                     26
    U32ToFlt.o                     28
    frexp.o                       112
    ldexp.o                       314
    ---------------------------------------------------
    Total:                      2 930

rt7M_tl.a: [5]
    ABImemcpy.o                   166
    I64DivMod.o                   558
    I64DivZer.o                     2
    cexit.o                        10
    cmain.o                        30
    cstartup_M.o                   12
    data_init.o                    40
    memchr.o                       88
    packbits_init_single.o         56
    strchr.o                       22
    strlen.o                       54
    zero_init3.o                   64
    ---------------------------------------------------
    Total:                      1 102

shb_l.a: [6]
    exit.o                         20
    ---------------------------------------------------
    Total:                         20

    Gaps                           40                 4
    Linker created                          33    1 024
-------------------------------------------------------
    Grand Total:               16 536      144    1 544


*******************************************************************************
*** ENTRY LIST
***

Entry                      Address   Size  Type      Object
-----                      -------   ----  ----      ------
.iar.init_table$$Base   0x08003f68          --   Gb  - Linker created -
.iar.init_table$$Limit  0x08003f88          --   Gb  - Linker created -
?main                   0x08003f89         Code  Gb  cmain.o [5]
AHBPrescTable           0x08003e68   0x10  Data  Gb  system_stm32f1xx.o [1]
APBPrescTable           0x08003fd8    0x8  Data  Gb  system_stm32f1xx.o [1]
BusFault_Handler        0x08003e7f    0x2  Code  Gb  stm32f1xx_it.o [1]
CSTACK$$Base            0x20000208          --   Gb  - Linker created -
CSTACK$$Limit           0x20000608          --   Gb  - Linker created -
CacheMore               0x080010e9   0x24  Code  Lc  xlocale_c.o [3]
DebugMon_Handler        0x08003e85    0x2  Code  Gb  stm32f1xx_it.o [1]
FLASH_IRQHandler        0x08003e97    0x4  Code  Gb  stm32f1xx_it.o [1]
FLASH_PageErase         0x08003df5   0x1c  Code  Gb  stm32f1xx_hal_flash_ex.o [1]
FLASH_Program_HalfWord  0x08003d87   0x16  Code  Lc  stm32f1xx_hal_flash.o [1]
FLASH_SetErrorCode      0x08003d9d   0x44  Code  Lc  stm32f1xx_hal_flash.o [1]
HAL_DMA_Abort_IT        0x08003b7d   0xdc  Code  Gb  stm32f1xx_hal_dma.o [1]
HAL_FLASH_IRQHandler    0x08003c91   0xf6  Code  Gb  stm32f1xx_hal_flash.o [1]
HAL_GPIO_Init           0x08002785  0x196  Code  Gb  stm32f1xx_hal_gpio.o [1]
HAL_GPIO_WritePin       0x0800291b    0xc  Code  Gb  stm32f1xx_hal_gpio.o [1]
HAL_GetTick             0x08003b71    0xc  Code  Wk  stm32f1xx_hal.o [1]
HAL_IncTick             0x08003eb9   0x10  Code  Wk  stm32f1xx_hal.o [1]
HAL_Init                0x08002df9   0x20  Code  Gb  stm32f1xx_hal.o [1]
HAL_InitTick            0x08003b31   0x40  Code  Wk  stm32f1xx_hal.o [1]
HAL_MspInit             0x08002515   0x92  Code  Gb  stm32f1xx_hal_msp.o [1]
HAL_MultiProcessor_Init
                        0x08002e5b   0x40  Code  Gb  stm32f1xx_hal_uart.o [1]
HAL_NVIC_EnableIRQ      0x08002713    0xa  Code  Gb  stm32f1xx_hal_cortex.o [1]
HAL_NVIC_SetPriority    0x080026d9   0x3a  Code  Gb  stm32f1xx_hal_cortex.o [1]
HAL_NVIC_SetPriorityGrouping
                        0x080026bf   0x1a  Code  Gb  stm32f1xx_hal_cortex.o [1]
HAL_RCC_ClockConfig     0x08003641  0x10c  Code  Gb  stm32f1xx_hal_rcc.o [1]
HAL_RCC_GetHCLKFreq     0x0800379d    0x6  Code  Gb  stm32f1xx_hal_rcc.o [1]
HAL_RCC_GetPCLK1Freq    0x080037a3   0x10  Code  Gb  stm32f1xx_hal_rcc.o [1]
HAL_RCC_GetPCLK2Freq    0x080037b3    0xe  Code  Gb  stm32f1xx_hal_rcc.o [1]
HAL_RCC_GetSysClockFreq
                        0x08003761   0x3c  Code  Gb  stm32f1xx_hal_rcc.o [1]
HAL_RCC_GetSysClockFreq::aPLLMULFactorTable
                        0x080037f4   0x10  Data  Lc  stm32f1xx_hal_rcc.o [1]
HAL_RCC_GetSysClockFreq::aPredivFactorTable
                        0x08003804    0x2  Data  Lc  stm32f1xx_hal_rcc.o [1]
HAL_RCC_OscConfig       0x08003325  0x314  Code  Gb  stm32f1xx_hal_rcc.o [1]
HAL_SYSTICK_CLKSourceConfig
                        0x0800274f   0x1a  Code  Gb  stm32f1xx_hal_cortex.o [1]
HAL_SYSTICK_Callback    0x08002ced   0x8c  Code  Gb  main.o [1]
HAL_SYSTICK_Callback::time_1ms
                        0x200001f8    0x4  Data  Lc  main.o [1]
HAL_SYSTICK_Callback{1}{2}::err2
                        0x200001fc    0x4  Data  Lc  main.o [1]
HAL_SYSTICK_Callback{1}{2}::err3
                        0x20000200    0x4  Data  Lc  main.o [1]
HAL_SYSTICK_Config      0x08002727   0x28  Code  Gb  stm32f1xx_hal_cortex.o [1]
HAL_SYSTICK_IRQHandler  0x08002781    0x4  Code  Gb  stm32f1xx_hal_cortex.o [1]
HAL_TIMEx_BreakCallback
                        0x08002699    0x2  Code  Wk  stm32f1xx_hal_tim_ex.o [1]
HAL_TIMEx_CommutationCallback
                        0x0800269d    0x2  Code  Wk  stm32f1xx_hal_tim_ex.o [1]
HAL_TIMEx_MasterConfigSynchronization
                        0x08003809   0x4a  Code  Gb  stm32f1xx_hal_tim_ex.o [1]
HAL_TIM_Base_Init       0x08001e41   0x1a  Code  Gb  stm32f1xx_hal_tim.o [1]
HAL_TIM_Base_MspInit    0x080025db   0x22  Code  Gb  stm32f1xx_hal_msp.o [1]
HAL_TIM_ConfigClockSource
                        0x080021cd   0xac  Code  Gb  stm32f1xx_hal_tim.o [1]
HAL_TIM_Encoder_Init    0x08001ed7   0x88  Code  Gb  stm32f1xx_hal_tim.o [1]
HAL_TIM_Encoder_MspInit
                        0x080025a7   0x34  Code  Gb  stm32f1xx_hal_msp.o [1]
HAL_TIM_Encoder_Start   0x08001f69   0x16  Code  Gb  stm32f1xx_hal_tim.o [1]
HAL_TIM_IRQHandler      0x08001f9d  0x142  Code  Gb  stm32f1xx_hal_tim.o [1]
HAL_TIM_MspPostInit     0x080025fd   0x22  Code  Gb  stm32f1xx_hal_msp.o [1]
HAL_TIM_PWM_ConfigChannel
                        0x080020e5   0xc0  Code  Gb  stm32f1xx_hal_tim.o [1]
HAL_TIM_PWM_Init        0x08001e85   0x1a  Code  Gb  stm32f1xx_hal_tim.o [1]
HAL_TIM_PWM_Start       0x08001e9f   0x14  Code  Gb  stm32f1xx_hal_tim.o [1]
HAL_UART_IRQHandler     0x08002fc7  0x152  Code  Gb  stm32f1xx_hal_uart.o [1]
HAL_UART_MspInit        0x0800261f   0x36  Code  Gb  stm32f1xx_hal_msp.o [1]
HAL_UART_Receive_IT     0x08002f61   0x54  Code  Gb  stm32f1xx_hal_uart.o [1]
HAL_UART_RxCpltCallback
                        0x08002c55   0x4a  Code  Gb  main.o [1]
HAL_UART_Transmit       0x08002eaf   0xaa  Code  Gb  stm32f1xx_hal_uart.o [1]
HardFault_Handler       0x08003e7b    0x2  Code  Gb  stm32f1xx_it.o [1]
LoadInt                 0x0800031f   0x7a  Code  Lc  xprintffull.o [3]
MX_TIM4_Init            0x08002b21   0x92  Code  Lc  main.o [1]
MemManage_Handler       0x08003e7d    0x2  Code  Gb  stm32f1xx_it.o [1]
NMI_Handler             0x08003e79    0x2  Code  Gb  stm32f1xx_it.o [1]
NVIC_SetPriority        0x080026a1   0x1e  Code  Lc  stm32f1xx_hal_cortex.o [1]
PendSV_Handler          0x08003e87    0x2  Code  Gb  stm32f1xx_it.o [1]
Region$$Table$$Base     0x08003f68          --   Gb  - Linker created -
Region$$Table$$Limit    0x08003f88          --   Gb  - Linker created -
SVC_Handler             0x08003e83    0x2  Code  Gb  stm32f1xx_it.o [1]
SysTick_Handler         0x08003e89    0xe  Code  Gb  stm32f1xx_it.o [1]
SystemClock_Config      0x08002aaf   0x72  Code  Gb  main.o [1]
SystemCoreClock         0x200000d0    0x4  Data  Gb  system_stm32f1xx.o [1]
SystemInit              0x08003e1d   0x3a  Code  Gb  system_stm32f1xx.o [1]
TIM2_IRQHandler         0x08003e9b    0x6  Code  Gb  stm32f1xx_it.o [1]
TIM4_IRQHandler         0x08003ea1    0x6  Code  Gb  stm32f1xx_it.o [1]
TIM_Base_SetConfig      0x080022ad   0x74  Code  Gb  stm32f1xx_hal_tim.o [1]
TIM_CCxChannelCmd       0x080024fb   0x12  Code  Gb  stm32f1xx_hal_tim.o [1]
TIM_ETR_SetConfig       0x080024e7   0x14  Code  Lc  stm32f1xx_hal_tim.o [1]
TIM_ITRx_SetConfig      0x080024d7   0x10  Code  Lc  stm32f1xx_hal_tim.o [1]
TIM_OC1_SetConfig       0x08002321   0x52  Code  Lc  stm32f1xx_hal_tim.o [1]
TIM_OC2_SetConfig       0x08002373   0x60  Code  Gb  stm32f1xx_hal_tim.o [1]
TIM_OC3_SetConfig       0x080023d3   0x58  Code  Lc  stm32f1xx_hal_tim.o [1]
TIM_OC4_SetConfig       0x08002437   0x46  Code  Lc  stm32f1xx_hal_tim.o [1]
TIM_PWM_PIDSET          0x08002bed   0x68  Code  Gb  main.o [1]
TIM_TI1_ConfigInputStage
                        0x08002495   0x1e  Code  Lc  stm32f1xx_hal_tim.o [1]
TIM_TI2_ConfigInputStage
                        0x080024b3   0x24  Code  Lc  stm32f1xx_hal_tim.o [1]
UART_DMAAbortOnError    0x08003199    0xc  Code  Lc  stm32f1xx_hal_uart.o [1]
UART_EndRxTransfer      0x0800317d   0x1c  Code  Lc  stm32f1xx_hal_uart.o [1]
UART_Receive_IT         0x080031a5   0x96  Code  Lc  stm32f1xx_hal_uart.o [1]
UART_SetConfig          0x0800323b   0xde  Code  Lc  stm32f1xx_hal_uart.o [1]
UART_WaitOnFlagUntilTimeout
                        0x08003119   0x56  Code  Lc  stm32f1xx_hal_uart.o [1]
USART1_IRQHandler       0x08003ea7    0x6  Code  Gb  stm32f1xx_it.o [1]
UsageFault_Handler      0x08003e81    0x2  Code  Gb  stm32f1xx_it.o [1]
_Encoding_8859_1_Mbrlen
                        0x080010d9    0x2  Code  Gb  xencoding_8859_1.o [3]
_Encoding_8859_1_Wctomb
                        0x080010c7   0x12  Code  Gb  xencoding_8859_1.o [3]
_GenldFull              0x08000da1  0x274  Code  Lc  xprintffull.o [3]
_LdtobFull              0x08000975  0x3fe  Code  Lc  xprintffull.o [3]
_LitobFull              0x0800081d  0x112  Code  Lc  xprintffull.o [3]
_Locale_lconv           0x200000d4   0x38  Data  Lc  xlocale_c.o [3]
_PrintfFull             0x08000131  0x1d6  Code  Gb  xprintffull.o [3]
_PutcharsFull           0x08001015   0x2e  Code  Lc  xprintffull.o [3]
_PutfldFull             0x08000399  0x2d0  Code  Lc  xprintffull.o [3]
_PutstrFull             0x0800075f   0xbe  Code  Lc  xprintffull.o [3]
_PuttxtFull             0x08000669   0xf6  Code  Lc  xprintffull.o [3]
_SNProut                0x0800116f   0x1a  Code  Gb  xsnprout.o [3]
__aeabi_cdcmple         0x08001751         Code  Gb  DblCmpLe.o [4]
__aeabi_cdrcmple        0x08001781         Code  Gb  DblCmpGe.o [4]
__aeabi_d2iz            0x080018ed         Code  Gb  DblToS32.o [4]
__aeabi_d2uiz           0x08001c79         Code  Gb  DblToU32.o [4]
__aeabi_ddiv            0x08001a31         Code  Gb  DblDiv.o [4]
__aeabi_dmul            0x0800153d         Code  Gb  DblMul.o [4]
__aeabi_dsub            0x0800194d         Code  Gb  DblSub.o [4]
__aeabi_f2uiz           0x08003ae9         Code  Gb  FltToU32.o [4]
__aeabi_fadd            0x08003a05         Code  Gb  FltAdd.o [4]
__aeabi_fmul            0x0800392d         Code  Gb  FltMul.o [4]
__aeabi_fsub            0x080038ad         Code  Gb  FltSub.o [4]
__aeabi_i2d             0x08001929         Code  Gb  S32ToDbl.o [4]
__aeabi_i2f             0x08003b0d         Code  Gb  S32ToFlt.o [4]
__aeabi_ldiv0           0x08001cc1         Code  Gb  I64DivZer.o [5]
__aeabi_memcpy          0x08001265         Code  Gb  ABImemcpy.o [5]
__aeabi_memcpy4         0x08001285         Code  Gb  ABImemcpy.o [5]
__aeabi_memcpy8         0x08001285         Code  Gb  ABImemcpy.o [5]
__aeabi_ui2d            0x08001ca1         Code  Gb  U32ToDbl.o [4]
__aeabi_ui2f            0x08003891         Code  Gb  U32ToFlt.o [4]
__aeabi_uldivmod        0x0800130d         Code  Gb  I64DivMod.o [5]
__cmain                 0x08003f89         Code  Gb  cmain.o [5]
__exit                  0x08001e2d   0x14  Code  Gb  exit.o [6]
__iar_Fail_s            0x08001189   0x1c  Code  Gb  xfail_s.o [3]
__iar_Mbcurmax          0x08001259    0xa  Code  Gb  xmbcurmax.o [3]
__iar_Memchr            0x08001201         Code  Gb  memchr.o [5]
__iar_Strchr            0x08001159         Code  Gb  strchr.o [5]
__iar_dadd              0x0800195d         Code  Gb  DblSub.o [4]
__iar_data_init3        0x08003f41   0x28  Code  Gb  data_init.o [5]
__iar_dsub              0x08001cc5         Code  Gb  DblAdd.o [4]
__iar_dsubStart         0x08001cd7         Code  Gb  DblAdd.o [4]
__iar_fadd              0x080038b9         Code  Gb  FltSub.o [4]
__iar_frexp             0x080016ed         Code  Gb  frexp.o [4]
__iar_frexp64           0x080016e1         Code  Gb  frexp.o [4]
__iar_frexpl            0x080016ed         Code  Gb  frexp.o [4]
__iar_fsub              0x08003a11         Code  Gb  FltAdd.o [4]
__iar_fsubStart         0x08003a21         Code  Gb  FltAdd.o [4]
__iar_globLocale        0x2000010c   0x48  Data  Lc  xlocale_c.o [3]
__iar_global_Locale     0x080010e5    0x4  Code  Gb  xlocale_c.o [3]
__iar_ldexp64           0x080017b1         Code  Gb  ldexp.o [4]
__iar_packbits_init_single3
                        0x08003f09   0x38  Code  Gb  packbits_init_single.o [5]
__iar_program_start     0x08003fcd         Code  Gb  cstartup_M.o [5]
__iar_scalbln64         0x080017b1         Code  Gb  ldexp.o [4]
__iar_scalbn64          0x080017b1         Code  Gb  ldexp.o [4]
__iar_systems$$module {Abs}
                        0x00000001         Data  Gb  command line/config [2]
__iar_zero_init3        0x08003ec9   0x40  Code  Gb  zero_init3.o [5]
__low_level_init        0x08003fa7    0x4  Code  Gb  low_level_init.o [3]
__vector_table          0x08000000         Data  Gb  startup_stm32f103xe.o [1]
_call_main              0x08003f95         Code  Gb  cmain.o [5]
_exit                   0x08003fb1         Code  Gb  cexit.o [5]
_gLocale_mblen          0x08001145    0x4  Code  Gb  xlocale_c.o [3]
_gLocale_mblenInt       0x0800110d   0x34  Code  Gb  xlocale_c.o [3]
_gLocale_wctomb         0x08001149    0x4  Code  Gb  xlocale_c.o [3]
_gLocale_wctombInt      0x08001141    0x4  Code  Gb  xlocale_c.o [3]
_main                   0x08003fa3         Code  Gb  cmain.o [5]
abort                   0x08001cbb    0x6  Code  Gb  abort.o [3]
buffer_rx_temp          0x20000018    0x1  Data  Gb  main.o [1]
exit                    0x08003fab    0x4  Code  Gb  exit.o [3]
frexp                   0x080016e1         Code  Gb  frexp.o [4]
frexpl                  0x080016e1         Code  Gb  frexp.o [4]
htim2                   0x20000154   0x40  Data  Gb  main.o [1]
htim4                   0x20000194   0x40  Data  Gb  main.o [1]
huart1                  0x2000001c   0x40  Data  Gb  main.o [1]
ldexp                   0x080017b1         Code  Gb  ldexp.o [4]
ldexpl                  0x080017b1         Code  Gb  ldexp.o [4]
localeconv              0x0800114d    0x4  Code  Gb  xlocale_c.o [3]
main                    0x08002965  0x14a  Code  Gb  main.o [1]
memchr                  0x08001201         Code  Gb  memchr.o [5]
pFlash                  0x200001d8   0x20  Data  Gb  stm32f1xx_hal_flash.o [1]
s                       0x20000000   0x18  Data  Gb  main.o [1]
scalbln                 0x080017b1         Code  Gb  ldexp.o [4]
scalblnl                0x080017b1         Code  Gb  ldexp.o [4]
scalbn                  0x080017b1         Code  Gb  ldexp.o [4]
scalbnl                 0x080017b1         Code  Gb  ldexp.o [4]
scale                   0x0800092f   0x46  Code  Lc  xprintffull.o [3]
sec_hand                0x20000204    0x4  Data  Lc  xfail_s.o [3]
send_wave               0x08002c9f   0x4e  Code  Gb  main.o [1]
strchr                  0x08001159         Code  Gb  strchr.o [5]
strlen                  0x080011c9         Code  Gb  strlen.o [5]
uart_buffer             0x2000005c   0x68  Data  Gb  main.o [1]
uprintf                 0x08002bc1   0x2c  Code  Gb  main.o [1]
uwTick                  0x200000c8    0x4  Data  Gb  stm32f1xx_hal.o [1]
uwTickFreq              0x200000c4    0x1  Data  Gb  stm32f1xx_hal.o [1]
uwTickPrio              0x200000cc    0x4  Data  Gb  stm32f1xx_hal.o [1]
vsnprintf               0x08003855   0x3c  Code  Gb  vsnprint.o [3]


[1] = C:\Users\dfy\Desktop\save\DIANKONGERMIAN\EWARM\DIANKONGERMIAN\Obj
[2] = command line
[3] = dl7M_tlf.a
[4] = m7M_tl.a
[5] = rt7M_tl.a
[6] = shb_l.a

  16 536 bytes of readonly  code memory
     144 bytes of readonly  data memory
   1 544 bytes of readwrite data memory

Errors: none
Warnings: none
